
Magic 8.3 revision 541 - Compiled on Fri Aug 15 10:24:53 CEST 2025.
Starting magic under Tcl interpreter
Using the terminal as the console.
Using NULL graphics device.
(Magic) SigWatchFile2: Invalid argument
Processing system .magicrc file
Sourcing design .magicrc for technology sky130A ...
2 Magic internal units = 1 Lambda
Input style sky130(): scaleFactor=2, multiplier=2
The following types are not handled by extraction and will be treated as non-electrical types:
    ubm 
/opt/pdk/share/pdk/sky130A/libs.tech/magic/sky130A.tech: line 6356: section plot:
	Unrecognized layer (type) name "reram"
/opt/pdk/share/pdk/sky130A/libs.tech/magic/sky130A.tech: line 6357: section plot:
	Unrecognized layer (type) name "reram"
/opt/pdk/share/pdk/sky130A/libs.tech/magic/sky130A.tech: line 6359: section plot:
	Unrecognized layer (type) name "reram"
/opt/pdk/share/pdk/sky130A/libs.tech/magic/sky130A.tech: line 6370: section plot:
	Unrecognized layer (type) name "reram"
Scaled tech values by 2 / 1 to match internal grid scaling
Loading sky130A Device Generator Menu ...
Load AICEX tech setup...
Loading "ant/tt_um_lelo_gr01_analogicus_ant.tcl" from command line.
File <../design/LELO_GR01_SKY130A/tt_um_lelo_gr01_analogicus.mag> is already locked by pid 91200.  Opening read-only.
Cell tt_um_lelo_gr01_analogicus read from path ../design/LELO_GR01_SKY130A
File <../design/LELO_GR01_SKY130A/sky130_fd_pr__diode_pw2nd_05v5_lc.mag> is already locked by pid 91200.  Opening read-only.
Cell sky130_fd_pr__diode_pw2nd_05v5_lc read from path ../design/LELO_GR01_SKY130A
File <../design/LELO_GR01_SKY130A/LELO_GR01.mag> is already locked by pid 91200.  Opening read-only.
Cell LELO_GR01 read from path ../design/LELO_GR01_SKY130A
File <../design/LELO_GR01_SKY130A/../LELO_GR01_SKY130A/oscillator.mag> is already locked by pid 91200.  Opening read-only.
Cell oscillator read from path ../design/LELO_GR01_SKY130A/../LELO_GR01_SKY130A
Cells JNWTR_IVX1_CV.mag in ../design/LELO_GR01_SKY130A/../JNW_TR_SKY130A and ../design/LELO_GR01_SKY130A/../LELO_GR01_SKY130A/JNW_TR_SKY130A have matching git repository commits and can be considered equivalent.
File <../design/LELO_GR01_SKY130A/../LELO_GR01_SKY130A/../JNW_TR_SKY130A/JNWTR_CAPX1.mag> is already locked by pid 91200.  Opening read-only.
Cell JNWTR_CAPX1 read from path ../design/LELO_GR01_SKY130A/../LELO_GR01_SKY130A/../JNW_TR_SKY130A
Scaled magic input cell JNWTR_CAPX1 geometry by factor of 2
File <../design/LELO_GR01_SKY130A/../LELO_GR01_SKY130A/../LELO_ATR_SKY130A/LELOATR_LVT_PCH_2C5F0.mag> is already locked by pid 91200.  Opening read-only.
Cell LELOATR_LVT_PCH_2C5F0 read from path ../design/LELO_GR01_SKY130A/../LELO_GR01_SKY130A/../LELO_ATR_SKY130A
File <../design/LELO_GR01_SKY130A/../LELO_GR01_SKY130A/../LELO_ATR_SKY130A/LELOATR_LVT_NCH_2C5F0.mag> is already locked by pid 91200.  Opening read-only.
Cell LELOATR_LVT_NCH_2C5F0 read from path ../design/LELO_GR01_SKY130A/../LELO_GR01_SKY130A/../LELO_ATR_SKY130A
Cell JNWTR_DFRNQNX1_CV read from path ../design/LELO_GR01_SKY130A/../LELO_GR01_SKY130A/../JNW_TR_SKY130A
Scaled magic input cell JNWTR_DFRNQNX1_CV geometry by factor of 2
File <../design/LELO_GR01_SKY130A/../LELO_GR01_SKY130A/../JNW_TR_SKY130A/JNWTR_cut_M1M2_2x1.mag> is already locked by pid 91200.  Opening read-only.
Cell JNWTR_cut_M1M2_2x1 read from path ../design/LELO_GR01_SKY130A/../LELO_GR01_SKY130A/../JNW_TR_SKY130A
Scaled magic input cell JNWTR_cut_M1M2_2x1 geometry by factor of 2
File <../design/LELO_GR01_SKY130A/../LELO_GR01_SKY130A/../JNW_TR_SKY130A/JNWTR_cut_M1M3_2x1.mag> is already locked by pid 91200.  Opening read-only.
Cell JNWTR_cut_M1M3_2x1 read from path ../design/LELO_GR01_SKY130A/../LELO_GR01_SKY130A/../JNW_TR_SKY130A
Scaled magic input cell JNWTR_cut_M1M3_2x1 geometry by factor of 2
Cell JNWTR_IVX1_CV read from path ../design/LELO_GR01_SKY130A/../JNW_TR_SKY130A
Scaled magic input cell JNWTR_IVX1_CV geometry by factor of 2
File <../design/LELO_GR01_SKY130A/../JNW_TR_SKY130A/JNWTR_cut_M1M4_2x1.mag> is already locked by pid 91200.  Opening read-only.
Cell JNWTR_cut_M1M4_2x1 read from path ../design/LELO_GR01_SKY130A/../JNW_TR_SKY130A
Scaled magic input cell JNWTR_cut_M1M4_2x1 geometry by factor of 2
File <../design/LELO_GR01_SKY130A/../JNW_TR_SKY130A/JNWTR_PCHDL.mag> is already locked by pid 91200.  Opening read-only.
Cell JNWTR_PCHDL read from path ../design/LELO_GR01_SKY130A/../JNW_TR_SKY130A
Scaled magic input cell JNWTR_PCHDL geometry by factor of 2
File <../design/LELO_GR01_SKY130A/../JNW_TR_SKY130A/JNWTR_NCHDL.mag> is already locked by pid 91200.  Opening read-only.
Cell JNWTR_NCHDL read from path ../design/LELO_GR01_SKY130A/../JNW_TR_SKY130A
Scaled magic input cell JNWTR_NCHDL geometry by factor of 2
Cell JNWTR_NDTRIX1_CV read from path ../design/LELO_GR01_SKY130A/../LELO_GR01_SKY130A/../JNW_TR_SKY130A
Scaled magic input cell JNWTR_NDTRIX1_CV geometry by factor of 2
Cell JNWTR_IVTRIX1_CV read from path ../design/LELO_GR01_SKY130A/../LELO_GR01_SKY130A/../JNW_TR_SKY130A
Scaled magic input cell JNWTR_IVTRIX1_CV geometry by factor of 2
Cell JNWTR_NDX1_CV read from path ../design/LELO_GR01_SKY130A/../LELO_GR01_SKY130A/../JNW_TR_SKY130A
Scaled magic input cell JNWTR_NDX1_CV geometry by factor of 2
Cell JNWTR_TAPCELLB_CV read from path ../design/LELO_GR01_SKY130A/../LELO_GR01_SKY130A/../JNW_TR_SKY130A
Scaled magic input cell JNWTR_TAPCELLB_CV geometry by factor of 2
File <../design/LELO_GR01_SKY130A/../LELO_GR01_SKY130A/../LELO_GR01_SKY130A/diffamp_2.mag> is already locked by pid 91200.  Opening read-only.
Cell diffamp_2 read from path ../design/LELO_GR01_SKY130A/../LELO_GR01_SKY130A/../LELO_GR01_SKY130A
Duplicate cell in diffamp_2:  Instance of cell LELOATR_LVT_NCH_2C5F0 is from path ../design/LELO_GR01_SKY130A/../LELO_GR01_SKY130A/../LELO_GR01_SKY130A/LELO_ATR_SKY130A but cell was previously read from ../design/LELO_GR01_SKY130A/../LELO_GR01_SKY130A/../LELO_ATR_SKY130A.
New path does not exist and will be ignored.
Duplicate cell in diffamp_2:  Instance of cell LELOATR_LVT_PCH_2C5F0 is from path ../design/LELO_GR01_SKY130A/../LELO_GR01_SKY130A/../LELO_GR01_SKY130A/LELO_ATR_SKY130A but cell was previously read from ../design/LELO_GR01_SKY130A/../LELO_GR01_SKY130A/../LELO_ATR_SKY130A.
New path does not exist and will be ignored.
File <../design/LELO_GR01_SKY130A/../LELO_GR01_SKY130A/../LELO_GR01_SKY130A/../LELO_GR01_SKY130A/GM_cell_N.mag> is already locked by pid 91200.  Opening read-only.
Cell GM_cell_N read from path ../design/LELO_GR01_SKY130A/../LELO_GR01_SKY130A/../LELO_GR01_SKY130A/../LELO_GR01_SKY130A
Duplicate cell in GM_cell_N:  Instance of cell LELOATR_LVT_NCH_2C5F0 is from path ../design/LELO_GR01_SKY130A/../LELO_GR01_SKY130A/../LELO_GR01_SKY130A/../LELO_GR01_SKY130A/LELO_ATR_SKY130A but cell was previously read from ../design/LELO_GR01_SKY130A/../LELO_GR01_SKY130A/../LELO_ATR_SKY130A.
New path does not exist and will be ignored.
Duplicate cell in GM_cell_N:  Instance of cell LELOATR_LVT_PCH_2C5F0 is from path ../design/LELO_GR01_SKY130A/../LELO_GR01_SKY130A/../LELO_GR01_SKY130A/../LELO_GR01_SKY130A/LELO_ATR_SKY130A but cell was previously read from ../design/LELO_GR01_SKY130A/../LELO_GR01_SKY130A/../LELO_ATR_SKY130A.
New path does not exist and will be ignored.
Cell JNWTR_RPPO4 read from path ../design/LELO_GR01_SKY130A/../LELO_GR01_SKY130A/../LELO_GR01_SKY130A/../LELO_GR01_SKY130A/../JNW_TR_SKY130A
Scaled magic input cell JNWTR_RPPO4 geometry by factor of 2
File <../design/LELO_GR01_SKY130A/../LELO_GR01_SKY130A/../LELO_GR01_SKY130A/../LELO_GR01_SKY130A/../JNW_TR_SKY130A/JNWTR_RES4.mag> is already locked by pid 91200.  Opening read-only.
Cell JNWTR_RES4 read from path ../design/LELO_GR01_SKY130A/../LELO_GR01_SKY130A/../LELO_GR01_SKY130A/../LELO_GR01_SKY130A/../JNW_TR_SKY130A
Scaled magic input cell JNWTR_RES4 geometry by factor of 2
File <../design/LELO_GR01_SKY130A/../LELO_GR01_SKY130A/bandgap.mag> is already locked by pid 91200.  Opening read-only.
Cell bandgap read from path ../design/LELO_GR01_SKY130A/../LELO_GR01_SKY130A
Cell JNWTR_RPPO16 read from path ../design/LELO_GR01_SKY130A/../LELO_GR01_SKY130A/../JNW_TR_SKY130A
Scaled magic input cell JNWTR_RPPO16 geometry by factor of 2
File <../design/LELO_GR01_SKY130A/../LELO_GR01_SKY130A/../JNW_TR_SKY130A/JNWTR_RES16.mag> is already locked by pid 91200.  Opening read-only.
Cell JNWTR_RES16 read from path ../design/LELO_GR01_SKY130A/../LELO_GR01_SKY130A/../JNW_TR_SKY130A
Scaled magic input cell JNWTR_RES16 geometry by factor of 2
Cell JNWTR_RPPO2 read from path ../design/LELO_GR01_SKY130A/../LELO_GR01_SKY130A/../JNW_TR_SKY130A
Scaled magic input cell JNWTR_RPPO2 geometry by factor of 2
File <../design/LELO_GR01_SKY130A/../LELO_GR01_SKY130A/../JNW_TR_SKY130A/JNWTR_RES2.mag> is already locked by pid 91200.  Opening read-only.
Cell JNWTR_RES2 read from path ../design/LELO_GR01_SKY130A/../LELO_GR01_SKY130A/../JNW_TR_SKY130A
Scaled magic input cell JNWTR_RES2 geometry by factor of 2
File <../design/LELO_GR01_SKY130A/../LELO_GR01_SKY130A/../LELO_GR01_SKY130A/pnp_fix.mag> is already locked by pid 91200.  Opening read-only.
Cell pnp_fix read from path ../design/LELO_GR01_SKY130A/../LELO_GR01_SKY130A/../LELO_GR01_SKY130A
Scaled magic input cell pnp_fix geometry by factor of 2
Cell sky130_fd_pr__rf_pnp_05v5_W3p40L3p40 read from path /opt/pdk/share/pdk/sky130A/libs.ref/sky130_fd_pr/mag
Cell JNWTR_RPPO8 read from path ../design/LELO_GR01_SKY130A/../LELO_GR01_SKY130A/../JNW_TR_SKY130A
Scaled magic input cell JNWTR_RPPO8 geometry by factor of 2
File <../design/LELO_GR01_SKY130A/../LELO_GR01_SKY130A/../JNW_TR_SKY130A/JNWTR_RES8.mag> is already locked by pid 91200.  Opening read-only.
Cell JNWTR_RES8 read from path ../design/LELO_GR01_SKY130A/../LELO_GR01_SKY130A/../JNW_TR_SKY130A
Scaled magic input cell JNWTR_RES8 geometry by factor of 2
File <../design/LELO_GR01_SKY130A/../LELO_GR01_SKY130A/../LELO_GR01_SKY130A/Diodes.mag> is already locked by pid 91200.  Opening read-only.
Cell Diodes read from path ../design/LELO_GR01_SKY130A/../LELO_GR01_SKY130A/../LELO_GR01_SKY130A
Scaled magic input cell Diodes geometry by factor of 2
Warning:  Parent cell lists instance of "JNWTR_TIEL_CV" at bad file path ../design/LELO_GR01_SKY130A/JNW_TR_SKY130A/JNWTR_TIEL_CV.mag.
The cell exists in the search paths at ../design/JNW_TR_SKY130A/JNWTR_TIEL_CV.mag.
The discovered version will be used.
Cell JNWTR_TIEL_CV read from path ../design/JNW_TR_SKY130A
Scaled magic input cell JNWTR_TIEL_CV geometry by factor of 2
Warning:  Parent cell lists instance of "JNWTR_ORX1_CV" at bad file path ../design/LELO_GR01_SKY130A/JNW_TR_SKY130A/JNWTR_ORX1_CV.mag.
The cell exists in the search paths at ../design/JNW_TR_SKY130A/JNWTR_ORX1_CV.mag.
The discovered version will be used.
Cell JNWTR_ORX1_CV read from path ../design/JNW_TR_SKY130A
Scaled magic input cell JNWTR_ORX1_CV geometry by factor of 2
Cell JNWTR_NRX1_CV read from path ../design/JNW_TR_SKY130A
Scaled magic input cell JNWTR_NRX1_CV geometry by factor of 2
File <../design/LELO_GR01_SKY130A/digital.mag> is already locked by pid 91200.  Opening read-only.
Cell digital read from path ../design/LELO_GR01_SKY130A
Cell sky130_fd_sc_hd__tapvpwrvgnd_1 read from path /opt/pdk/share/pdk/sky130A/libs.ref/sky130_fd_sc_hd/mag
Cell sky130_fd_sc_hd__decap_3 read from path /opt/pdk/share/pdk/sky130A/libs.ref/sky130_fd_sc_hd/mag
Cell sky130_fd_sc_hd__clkdlybuf4s25_1 read from path /opt/pdk/share/pdk/sky130A/libs.ref/sky130_fd_sc_hd/mag
Cell sky130_fd_sc_hd__buf_2 read from path /opt/pdk/share/pdk/sky130A/libs.ref/sky130_fd_sc_hd/mag
Cell sky130_fd_sc_hd__buf_4 read from path /opt/pdk/share/pdk/sky130A/libs.ref/sky130_fd_sc_hd/mag
Cell sky130_fd_sc_hd__dlygate4sd3_1 read from path /opt/pdk/share/pdk/sky130A/libs.ref/sky130_fd_sc_hd/mag
Cell sky130_fd_sc_hd__fill_1 read from path /opt/pdk/share/pdk/sky130A/libs.ref/sky130_fd_sc_hd/mag
Cell sky130_fd_sc_hd__fill_2 read from path /opt/pdk/share/pdk/sky130A/libs.ref/sky130_fd_sc_hd/mag
Cell sky130_fd_sc_hd__clkbuf_4 read from path /opt/pdk/share/pdk/sky130A/libs.ref/sky130_fd_sc_hd/mag
Cell sky130_fd_sc_hd__clkbuf_16 read from path /opt/pdk/share/pdk/sky130A/libs.ref/sky130_fd_sc_hd/mag
Cell sky130_fd_sc_hd__dfrtp_2 read from path /opt/pdk/share/pdk/sky130A/libs.ref/sky130_fd_sc_hd/mag
Cell sky130_fd_sc_hd__dfstp_2 read from path /opt/pdk/share/pdk/sky130A/libs.ref/sky130_fd_sc_hd/mag
Cell sky130_fd_sc_hd__inv_2 read from path /opt/pdk/share/pdk/sky130A/libs.ref/sky130_fd_sc_hd/mag
Cell sky130_fd_sc_hd__nor2_2 read from path /opt/pdk/share/pdk/sky130A/libs.ref/sky130_fd_sc_hd/mag
Cell sky130_fd_sc_hd__a21o_2 read from path /opt/pdk/share/pdk/sky130A/libs.ref/sky130_fd_sc_hd/mag
Cell sky130_fd_sc_hd__and2_2 read from path /opt/pdk/share/pdk/sky130A/libs.ref/sky130_fd_sc_hd/mag
Cell sky130_fd_sc_hd__mux2_1 read from path /opt/pdk/share/pdk/sky130A/libs.ref/sky130_fd_sc_hd/mag
Cell sky130_fd_sc_hd__xor2_2 read from path /opt/pdk/share/pdk/sky130A/libs.ref/sky130_fd_sc_hd/mag
Cell sky130_fd_sc_hd__a21oi_2 read from path /opt/pdk/share/pdk/sky130A/libs.ref/sky130_fd_sc_hd/mag
Cell sky130_fd_sc_hd__o2bb2a_2 read from path /opt/pdk/share/pdk/sky130A/libs.ref/sky130_fd_sc_hd/mag
Cell sky130_fd_sc_hd__and2b_2 read from path /opt/pdk/share/pdk/sky130A/libs.ref/sky130_fd_sc_hd/mag
Cell sky130_fd_sc_hd__a41o_2 read from path /opt/pdk/share/pdk/sky130A/libs.ref/sky130_fd_sc_hd/mag
Cell sky130_fd_sc_hd__and4_2 read from path /opt/pdk/share/pdk/sky130A/libs.ref/sky130_fd_sc_hd/mag
Cell sky130_fd_sc_hd__and3_2 read from path /opt/pdk/share/pdk/sky130A/libs.ref/sky130_fd_sc_hd/mag
Processing timestamp mismatches.
Timestamp mismatches found in these cells: JNWTR_DFRNQNX1_CV, JNWTR_cut_M1M2_2x1, JNWTR_cut_M1M3_2x1, JNWTR_NDTRIX1_CV, JNWTR_IVTRIX1_CV, JNWTR_NDX1_CV, JNWTR_TAPCELLB_CV, JNWTR_RES4, JNWTR_RPPO4, JNWTR_RPPO16, JNWTR_RES16, JNWTR_RPPO2, JNWTR_RES2, JNWTR_RPPO8, JNWTR_RES8, JNWTR_TIEL_CV, JNWTR_IVX1_CV, JNWTR_ORX1_CV, JNWTR_NCHDL, JNWTR_PCHDL, JNWTR_cut_M1M4_2x1, JNWTR_NRX1_CV.
Extracting JNWTR_NCHDL into ant/ext/JNWTR_NCHDL.ext:
Extracting JNWTR_PCHDL into ant/ext/JNWTR_PCHDL.ext:
Extracting JNWTR_cut_M1M4_2x1 into ant/ext/JNWTR_cut_M1M4_2x1.ext:
Extracting JNWTR_TAPCELLB_CV into ant/ext/JNWTR_TAPCELLB_CV.ext:
Extracting JNWTR_TIEL_CV into ant/ext/JNWTR_TIEL_CV.ext:
Extracting JNWTR_IVX1_CV into ant/ext/JNWTR_IVX1_CV.ext:
Extracting JNWTR_NRX1_CV into ant/ext/JNWTR_NRX1_CV.ext:
Extracting JNWTR_ORX1_CV into ant/ext/JNWTR_ORX1_CV.ext:
Extracting sky130_fd_pr__diode_pw2nd_05v5_lc into ant/ext/sky130_fd_pr__diode_pw2nd_05v5_lc.ext:
sky130_fd_pr__diode_pw2nd_05v5_lc: 1 warning
Extracting JNWTR_cut_M1M2_2x1 into ant/ext/JNWTR_cut_M1M2_2x1.ext:
Extracting JNWTR_cut_M1M3_2x1 into ant/ext/JNWTR_cut_M1M3_2x1.ext:
Extracting JNWTR_NDTRIX1_CV into ant/ext/JNWTR_NDTRIX1_CV.ext:
Extracting JNWTR_IVTRIX1_CV into ant/ext/JNWTR_IVTRIX1_CV.ext:
Extracting JNWTR_NDX1_CV into ant/ext/JNWTR_NDX1_CV.ext:
Extracting JNWTR_DFRNQNX1_CV into ant/ext/JNWTR_DFRNQNX1_CV.ext:
Extracting JNWTR_CAPX1 into ant/ext/JNWTR_CAPX1.ext:
Extracting LELOATR_LVT_PCH_2C5F0 into ant/ext/LELOATR_LVT_PCH_2C5F0.ext:
Extracting LELOATR_LVT_NCH_2C5F0 into ant/ext/LELOATR_LVT_NCH_2C5F0.ext:
Extracting JNWTR_RES4 into ant/ext/JNWTR_RES4.ext:
Extracting JNWTR_RPPO4 into ant/ext/JNWTR_RPPO4.ext:
Extracting GM_cell_N into ant/ext/GM_cell_N.ext:
Extracting diffamp_2 into ant/ext/diffamp_2.ext:
Extracting oscillator into ant/ext/oscillator.ext:
Extracting JNWTR_RES16 into ant/ext/JNWTR_RES16.ext:
Extracting JNWTR_RPPO16 into ant/ext/JNWTR_RPPO16.ext:
Extracting JNWTR_RES2 into ant/ext/JNWTR_RES2.ext:
Extracting JNWTR_RPPO2 into ant/ext/JNWTR_RPPO2.ext:
Extracting JNWTR_RES8 into ant/ext/JNWTR_RES8.ext:
Extracting JNWTR_RPPO8 into ant/ext/JNWTR_RPPO8.ext:
Extracting sky130_fd_pr__rf_pnp_05v5_W3p40L3p40 into ant/ext/sky130_fd_pr__rf_pnp_05v5_W3p40L3p40.ext:
Extracting pnp_fix into ant/ext/pnp_fix.ext:
Extracting Diodes into ant/ext/Diodes.ext:
Extracting bandgap into ant/ext/bandgap.ext:
Extracting LELO_GR01 into ant/ext/LELO_GR01.ext:
Extracting sky130_fd_sc_hd__tapvpwrvgnd_1 into ant/ext/sky130_fd_sc_hd__tapvpwrvgnd_1.ext:
Extracting sky130_fd_sc_hd__decap_3 into ant/ext/sky130_fd_sc_hd__decap_3.ext:
sky130_fd_sc_hd__decap_3: 2 warnings
Extracting sky130_fd_sc_hd__clkdlybuf4s25_1 into ant/ext/sky130_fd_sc_hd__clkdlybuf4s25_1.ext:
Extracting sky130_fd_sc_hd__buf_2 into ant/ext/sky130_fd_sc_hd__buf_2.ext:
Extracting sky130_fd_sc_hd__buf_4 into ant/ext/sky130_fd_sc_hd__buf_4.ext:
Extracting sky130_fd_sc_hd__dlygate4sd3_1 into ant/ext/sky130_fd_sc_hd__dlygate4sd3_1.ext:
Extracting sky130_fd_sc_hd__fill_1 into ant/ext/sky130_fd_sc_hd__fill_1.ext:
Extracting sky130_fd_sc_hd__fill_2 into ant/ext/sky130_fd_sc_hd__fill_2.ext:
Extracting sky130_fd_sc_hd__clkbuf_4 into ant/ext/sky130_fd_sc_hd__clkbuf_4.ext:
Extracting sky130_fd_sc_hd__clkbuf_16 into ant/ext/sky130_fd_sc_hd__clkbuf_16.ext:
Extracting sky130_fd_sc_hd__dfrtp_2 into ant/ext/sky130_fd_sc_hd__dfrtp_2.ext:
Extracting sky130_fd_sc_hd__dfstp_2 into ant/ext/sky130_fd_sc_hd__dfstp_2.ext:
Extracting sky130_fd_sc_hd__inv_2 into ant/ext/sky130_fd_sc_hd__inv_2.ext:
Extracting sky130_fd_sc_hd__nor2_2 into ant/ext/sky130_fd_sc_hd__nor2_2.ext:
Extracting sky130_fd_sc_hd__a21o_2 into ant/ext/sky130_fd_sc_hd__a21o_2.ext:
Extracting sky130_fd_sc_hd__and2_2 into ant/ext/sky130_fd_sc_hd__and2_2.ext:
Extracting sky130_fd_sc_hd__mux2_1 into ant/ext/sky130_fd_sc_hd__mux2_1.ext:
Extracting sky130_fd_sc_hd__xor2_2 into ant/ext/sky130_fd_sc_hd__xor2_2.ext:
Extracting sky130_fd_sc_hd__a21oi_2 into ant/ext/sky130_fd_sc_hd__a21oi_2.ext:
Extracting sky130_fd_sc_hd__o2bb2a_2 into ant/ext/sky130_fd_sc_hd__o2bb2a_2.ext:
Extracting sky130_fd_sc_hd__and2b_2 into ant/ext/sky130_fd_sc_hd__and2b_2.ext:
Extracting sky130_fd_sc_hd__a41o_2 into ant/ext/sky130_fd_sc_hd__a41o_2.ext:
Extracting sky130_fd_sc_hd__and4_2 into ant/ext/sky130_fd_sc_hd__and4_2.ext:
Extracting sky130_fd_sc_hd__and3_2 into ant/ext/sky130_fd_sc_hd__and3_2.ext:
Extracting digital into ant/ext/digital.ext:
Extracting tt_um_lelo_gr01_analogicus into ant/ext/tt_um_lelo_gr01_analogicus.ext:
Total of 3 warnings.
Reading extract file.
Building flattened netlist.
connect(1): no such node LELO_GR01_0/x7/x6<3>/a_928_n40#
connect(2): no such node LELO_GR01_0/x7/x6<3>/a_928_n40#
connect(1): no such node LELO_GR01_0/x7/x6<2>/a_928_n40#
connect(2): no such node LELO_GR01_0/x7/x6<2>/a_928_n40#
connect(1): no such node LELO_GR01_0/x7/x6<1>/a_928_n40#
connect(1): no such node LELO_GR01_0/x7/x6<0>/a_928_n40#
connect(2): no such node LELO_GR01_0/x7/x6<0>/a_928_n40#
Running antenna checks.
   100 gates analyzed.
   200 gates analyzed.
   300 gates analyzed.
antennacheck finished.
